<?xml version="1.0" encoding="utf-8"?>
<TestRun id="e758008e-0ad0-4821-bee4-1266bd6ed02f" name="raphael.vilain@PCLHOPITALW11 2026-05-15 12:59:08" runUser="INTRANET\raphael.vilain" xmlns="http://microsoft.com/schemas/VisualStudio/TeamTest/2010">
  <Times creation="2026-05-15T12:59:08.6522019+02:00" queuing="2026-05-15T12:59:08.6522021+02:00" start="2026-05-15T12:59:07.7672117+02:00" finish="2026-05-15T12:59:08.9122388+02:00" />
  <TestSettings name="default" id="e8f1da87-ebce-4336-b93e-6b039baebe7d">
    <Deployment runDeploymentRoot="raphael.vilain_PCLHOPITALW11_2026-05-15_12_59_08" />
  </TestSettings>
  <Results>
    <UnitTestResult executionId="d85c768c-78f7-41b8-a96c-41f95b417693" testId="4336c01d-126c-9220-48a0-ca0b9f5816a2" testName="Rig.Rapture.Tests.Import.ParserTests.Affaire_01_001_has_all_rapture_text_fields" computerName="PCLHOPITALW11" duration="00:00:00.0020000" startTime="2026-05-15T12:59:08.8383926+02:00" endTime="2026-05-15T12:59:08.8383926+02:00" testType="13cdc9d9-ddb5-4fa4-a97d-d965ccfc6d4b" outcome="Passed" testListId="8c84fa94-04c1-424b-9868-57a2d4851a1d" relativeResultsDirectory="d85c768c-78f7-41b8-a96c-41f95b417693" />
    <UnitTestResult executionId="ea0cffe0-a8d9-41a4-87fa-8134ec55eaba" testId="f0186c19-ca56-ee7d-dae5-b476385c548a" testName="Rig.Rapture.Tests.Import.NameNormalizationTests.NormalizeName_strips_civility_prefix(withCiv: &quot;Mlle DUPONT&quot;, withoutCiv: &quot;DUPONT&quot;)" computerName="PCLHOPITALW11" duration="00:00:00.0010000" startTime="2026-05-15T12:59:08.6235476+02:00" endTime="2026-05-15T12:59:08.6235476+02:00" testType="13cdc9d9-ddb5-4fa4-a97d-d965ccfc6d4b" outcome="Passed" testListId="8c84fa94-04c1-424b-9868-57a2d4851a1d" relativeResultsDirectory="ea0cffe0-a8d9-41a4-87fa-8134ec55eaba" />
    <UnitTestResult executionId="0398b3da-b7a2-41a3-b48e-9cb6897ffa41" testId="35c0ee4e-d84b-b812-b85f-3be1dfce6da7" testName="Rig.Rapture.Tests.Import.NameNormalizationTests.NormalizeName_case_insensitive_civility_match" computerName="PCLHOPITALW11" duration="00:00:00.0010000" startTime="2026-05-15T12:59:08.6396106+02:00" endTime="2026-05-15T12:59:08.6396106+02:00" testType="13cdc9d9-ddb5-4fa4-a97d-d965ccfc6d4b" outcome="Passed" testListId="8c84fa94-04c1-424b-9868-57a2d4851a1d" relativeResultsDirectory="0398b3da-b7a2-41a3-b48e-9cb6897ffa41" />
    <UnitTestResult executionId="8f8f8c32-68e7-4634-b870-0583996e07dc" testId="926e077d-44c1-0838-e8c5-cd4d0266da15" testName="Rig.Rapture.Tests.Import.NameNormalizationTests.NormalizeCode_lowercases_strips_punctuation(input: &quot;Liquidation Judiciaire&quot;, expected: &quot;liquidation judiciaire&quot;)" computerName="PCLHOPITALW11" duration="00:00:00.0010000" startTime="2026-05-15T12:59:08.6235476+02:00" endTime="2026-05-15T12:59:08.6235476+02:00" testType="13cdc9d9-ddb5-4fa4-a97d-d965ccfc6d4b" outcome="Passed" testListId="8c84fa94-04c1-424b-9868-57a2d4851a1d" relativeResultsDirectory="8f8f8c32-68e7-4634-b870-0583996e07dc" />
    <UnitTestResult executionId="a0237e9d-cee6-480a-9d94-4b0f9de28063" testId="4a3c6d2b-9ac2-1040-6b20-84b3897e5933" testName="Rig.Rapture.Tests.Import.ValidatorDateTests.TryParseDate_accepts_supported_formats(raw: &quot;12/11/2026&quot;, year: 2026, month: 11, day: 12)" computerName="PCLHOPITALW11" duration="00:00:00.0010000" startTime="2026-05-15T12:59:08.6235476+02:00" endTime="2026-05-15T12:59:08.6235476+02:00" testType="13cdc9d9-ddb5-4fa4-a97d-d965ccfc6d4b" outcome="Passed" testListId="8c84fa94-04c1-424b-9868-57a2d4851a1d" relativeResultsDirectory="a0237e9d-cee6-480a-9d94-4b0f9de28063" />
    <UnitTestResult executionId="282742c9-e025-4b40-bb11-e6a95ff3066f" testId="4b28f293-705c-ff92-b3c9-d27cd0ee624c" testName="Rig.Rapture.Tests.Import.ValidatorDateTests.TryParseDate_affaire_01_006_dates_all_parse_at_dd_MM_yyyy" computerName="PCLHOPITALW11" duration="00:00:00.0010000" startTime="2026-05-15T12:59:08.6396106+02:00" endTime="2026-05-15T12:59:08.6396106+02:00" testType="13cdc9d9-ddb5-4fa4-a97d-d965ccfc6d4b" outcome="Passed" testListId="8c84fa94-04c1-424b-9868-57a2d4851a1d" relativeResultsDirectory="282742c9-e025-4b40-bb11-e6a95ff3066f" />
    <UnitTestResult executionId="9ac6a4b4-bbc5-4a6c-af78-e8ee235bdefe" testId="b1b65145-d9e8-3bce-2b7b-e35978119ed8" testName="Rig.Rapture.Tests.Import.NameNormalizationTests.NormalizeName_strips_civility_prefix(withCiv: &quot;Mme. ROCHE Marjorie&quot;, withoutCiv: &quot;ROCHE Marjorie&quot;)" computerName="PCLHOPITALW11" duration="00:00:00.0010000" startTime="2026-05-15T12:59:08.6235476+02:00" endTime="2026-05-15T12:59:08.6235476+02:00" testType="13cdc9d9-ddb5-4fa4-a97d-d965ccfc6d4b" outcome="Passed" testListId="8c84fa94-04c1-424b-9868-57a2d4851a1d" relativeResultsDirectory="9ac6a4b4-bbc5-4a6c-af78-e8ee235bdefe" />
    <UnitTestResult executionId="e96fc0d0-5d37-411f-a348-545774c36acb" testId="425711fa-6375-9684-8983-3ce26ff0d651" testName="Rig.Rapture.Tests.Import.NameNormalizationTests.NormalizeName_strips_civility_prefix(withCiv: &quot;Mme ROCHE Marjorie&quot;, withoutCiv: &quot;ROCHE Marjorie&quot;)" computerName="PCLHOPITALW11" duration="00:00:00.0010000" startTime="2026-05-15T12:59:08.6235476+02:00" endTime="2026-05-15T12:59:08.6235476+02:00" testType="13cdc9d9-ddb5-4fa4-a97d-d965ccfc6d4b" outcome="Passed" testListId="8c84fa94-04c1-424b-9868-57a2d4851a1d" relativeResultsDirectory="e96fc0d0-5d37-411f-a348-545774c36acb" />
    <UnitTestResult executionId="bf9d7fb8-fe7d-42e1-8a54-8526e5febb07" testId="7c33cfbc-0b1e-44c7-2446-28a4aa3f79f0" testName="Rig.Rapture.Tests.Import.ValidatorDateTests.TryParseDate_returns_false_on_invalid(raw: &quot;test date de cessation&quot;)" computerName="PCLHOPITALW11" duration="00:00:00.0010000" startTime="2026-05-15T12:59:08.6396106+02:00" endTime="2026-05-15T12:59:08.6396106+02:00" testType="13cdc9d9-ddb5-4fa4-a97d-d965ccfc6d4b" outcome="Passed" testListId="8c84fa94-04c1-424b-9868-57a2d4851a1d" relativeResultsDirectory="bf9d7fb8-fe7d-42e1-8a54-8526e5febb07" />
    <UnitTestResult executionId="709de78e-5316-4414-8b40-bddc204c17fa" testId="61928871-6abb-6bd6-4466-ec285f7c3fdf" testName="Rig.Rapture.Tests.Import.NameNormalizationTests.NormalizeName_strips_accents_and_lowercases(input: &quot;ÉCHANGE&quot;, expected: &quot;echange&quot;)" computerName="PCLHOPITALW11" duration="00:00:00.0360000" startTime="2026-05-15T12:59:08.6076161+02:00" endTime="2026-05-15T12:59:08.6076161+02:00" testType="13cdc9d9-ddb5-4fa4-a97d-d965ccfc6d4b" outcome="Passed" testListId="8c84fa94-04c1-424b-9868-57a2d4851a1d" relativeResultsDirectory="709de78e-5316-4414-8b40-bddc204c17fa" />
    <UnitTestResult executionId="990ae0f1-d2dc-4821-8aaf-037429043d50" testId="d6f53cc7-d184-a86b-5588-a17d4b656657" testName="Rig.Rapture.Tests.Import.NameNormalizationTests.NormalizeName_strips_accents_and_lowercases(input: &quot;Étienne&quot;, expected: &quot;etienne&quot;)" computerName="PCLHOPITALW11" duration="00:00:00.0010000" startTime="2026-05-15T12:59:08.6076161+02:00" endTime="2026-05-15T12:59:08.6076161+02:00" testType="13cdc9d9-ddb5-4fa4-a97d-d965ccfc6d4b" outcome="Passed" testListId="8c84fa94-04c1-424b-9868-57a2d4851a1d" relativeResultsDirectory="990ae0f1-d2dc-4821-8aaf-037429043d50" />
    <UnitTestResult executionId="f270dea5-20c8-48ac-aa3e-b6dbde24adb6" testId="d4115ee9-5da3-ca25-f6eb-d4dfe2de4f78" testName="Rig.Rapture.Tests.Import.ParserTests.Parser_works_on_fixture_without_bom" computerName="PCLHOPITALW11" duration="00:00:00.0020000" startTime="2026-05-15T12:59:08.8223749+02:00" endTime="2026-05-15T12:59:08.8223749+02:00" testType="13cdc9d9-ddb5-4fa4-a97d-d965ccfc6d4b" outcome="Passed" testListId="8c84fa94-04c1-424b-9868-57a2d4851a1d" relativeResultsDirectory="f270dea5-20c8-48ac-aa3e-b6dbde24adb6" />
    <UnitTestResult executionId="5909d52e-b2c2-48c0-8270-5b629a27abef" testId="5481a51c-77c3-c62d-f7ad-32e928462fb7" testName="Rig.Rapture.Tests.Import.NameNormalizationTests.NormalizeCode_lowercases_strips_punctuation(input: &quot;Redressement judiciaire&quot;, expected: &quot;redressement judiciaire&quot;)" computerName="PCLHOPITALW11" duration="00:00:00.0010000" startTime="2026-05-15T12:59:08.6235476+02:00" endTime="2026-05-15T12:59:08.6235476+02:00" testType="13cdc9d9-ddb5-4fa4-a97d-d965ccfc6d4b" outcome="Passed" testListId="8c84fa94-04c1-424b-9868-57a2d4851a1d" relativeResultsDirectory="5909d52e-b2c2-48c0-8270-5b629a27abef" />
    <UnitTestResult executionId="7a925006-552a-4e84-b7d8-c61a505c6349" testId="f9d50c12-6ad3-0f15-c696-efd486c9d13c" testName="Rig.Rapture.Tests.Import.ParserTests.Parser_strips_utf8_bom_when_present" computerName="PCLHOPITALW11" duration="00:00:00.0990000" startTime="2026-05-15T12:59:08.8223749+02:00" endTime="2026-05-15T12:59:08.8223749+02:00" testType="13cdc9d9-ddb5-4fa4-a97d-d965ccfc6d4b" outcome="Passed" testListId="8c84fa94-04c1-424b-9868-57a2d4851a1d" relativeResultsDirectory="7a925006-552a-4e84-b7d8-c61a505c6349" />
    <UnitTestResult executionId="bafb221f-f3f9-4d87-a423-671fdca13e93" testId="808dbce4-2bdb-54d8-a20c-77a98b1966db" testName="Rig.Rapture.Tests.Import.ParserTests.Exactly_3_affaires_have_type_decision_ouverture_pc" computerName="PCLHOPITALW11" duration="00:00:00.0020000" startTime="2026-05-15T12:59:08.8490187+02:00" endTime="2026-05-15T12:59:08.8490187+02:00" testType="13cdc9d9-ddb5-4fa4-a97d-d965ccfc6d4b" outcome="Passed" testListId="8c84fa94-04c1-424b-9868-57a2d4851a1d" relativeResultsDirectory="bafb221f-f3f9-4d87-a423-671fdca13e93" />
    <UnitTestResult executionId="d36e9597-716d-48a9-9bd6-9cbcd04f6a87" testId="ed66ff6e-6971-ef7c-e540-c7b6db1b595b" testName="Rig.Rapture.Tests.Import.ValidatorDateTests.TryParseDate_accepts_supported_formats(raw: &quot;2026-05-15T09:00:00Z&quot;, year: 2026, month: 5, day: 15)" computerName="PCLHOPITALW11" duration="00:00:00.0010000" startTime="2026-05-15T12:59:08.6235476+02:00" endTime="2026-05-15T12:59:08.6235476+02:00" testType="13cdc9d9-ddb5-4fa4-a97d-d965ccfc6d4b" outcome="Passed" testListId="8c84fa94-04c1-424b-9868-57a2d4851a1d" relativeResultsDirectory="d36e9597-716d-48a9-9bd6-9cbcd04f6a87" />
    <UnitTestResult executionId="d200d477-4a94-445a-8ad5-155b9ebb601d" testId="08112153-5ef2-a582-f007-9e9319587386" testName="Rig.Rapture.Tests.Import.ValidatorDateTests.TryParseDate_returns_false_on_invalid(raw: null)" computerName="PCLHOPITALW11" duration="00:00:00.0010000" startTime="2026-05-15T12:59:08.6396106+02:00" endTime="2026-05-15T12:59:08.6396106+02:00" testType="13cdc9d9-ddb5-4fa4-a97d-d965ccfc6d4b" outcome="Passed" testListId="8c84fa94-04c1-424b-9868-57a2d4851a1d" relativeResultsDirectory="d200d477-4a94-445a-8ad5-155b9ebb601d" />
    <UnitTestResult executionId="7ff75237-f60d-4b09-9c46-226991cc5b48" testId="fc8a7e60-0164-e68b-2488-4e29bd8bffd9" testName="Rig.Rapture.Tests.Export.PlumitifDtoTests.Plumitif_with_isProcedureCollective_true_roundtrips_correctly" computerName="PCLHOPITALW11" duration="00:00:00.0010000" startTime="2026-05-15T12:59:08.8223749+02:00" endTime="2026-05-15T12:59:08.8223749+02:00" testType="13cdc9d9-ddb5-4fa4-a97d-d965ccfc6d4b" outcome="Passed" testListId="8c84fa94-04c1-424b-9868-57a2d4851a1d" relativeResultsDirectory="7ff75237-f60d-4b09-9c46-226991cc5b48" />
    <UnitTestResult executionId="091796a8-23d5-41d9-87b6-54903d105e9c" testId="29c04a07-dab5-3c45-ac88-f0242a6a7abf" testName="Rig.Rapture.Tests.Import.ValidatorDateTests.TryParseDate_accepts_supported_formats(raw: &quot;2026-05-15&quot;, year: 2026, month: 5, day: 15)" computerName="PCLHOPITALW11" duration="00:00:00.0010000" startTime="2026-05-15T12:59:08.6235476+02:00" endTime="2026-05-15T12:59:08.6235476+02:00" testType="13cdc9d9-ddb5-4fa4-a97d-d965ccfc6d4b" outcome="Passed" testListId="8c84fa94-04c1-424b-9868-57a2d4851a1d" relativeResultsDirectory="091796a8-23d5-41d9-87b6-54903d105e9c" />
    <UnitTestResult executionId="fe816c79-ac84-480f-b55b-1cd2cf1d1a5e" testId="2b9772ab-9d49-261e-4f70-0f680a966c21" testName="Rig.Rapture.Tests.Import.ParserTests.Exactly_5_affaires_have_isProcedureCollective_flag" computerName="PCLHOPITALW11" duration="00:00:00.0020000" startTime="2026-05-15T12:59:08.8223749+02:00" endTime="2026-05-15T12:59:08.8223749+02:00" testType="13cdc9d9-ddb5-4fa4-a97d-d965ccfc6d4b" outcome="Passed" testListId="8c84fa94-04c1-424b-9868-57a2d4851a1d" relativeResultsDirectory="fe816c79-ac84-480f-b55b-1cd2cf1d1a5e" />
    <UnitTestResult executionId="89e12ab3-1997-447b-9895-44a6db1486c6" testId="f1e5ca88-299f-5076-a664-5d18397996b0" testName="Rig.Rapture.Tests.Import.ValidatorDateTests.TryParseDate_returns_false_on_invalid(raw: &quot;not a date&quot;)" computerName="PCLHOPITALW11" duration="00:00:00.0010000" startTime="2026-05-15T12:59:08.6396106+02:00" endTime="2026-05-15T12:59:08.6396106+02:00" testType="13cdc9d9-ddb5-4fa4-a97d-d965ccfc6d4b" outcome="Passed" testListId="8c84fa94-04c1-424b-9868-57a2d4851a1d" relativeResultsDirectory="89e12ab3-1997-447b-9895-44a6db1486c6" />
    <UnitTestResult executionId="46698466-93db-4ff3-bf6a-7a889761aa90" testId="e547ea2d-a2d4-8926-fdad-634d317b4355" testName="Rig.Rapture.Tests.Import.ValidatorDateTests.TryParseDate_accepts_supported_formats(raw: &quot;1/1/2027&quot;, year: 2027, month: 1, day: 1)" computerName="PCLHOPITALW11" duration="00:00:00.0010000" startTime="2026-05-15T12:59:08.6235476+02:00" endTime="2026-05-15T12:59:08.6235476+02:00" testType="13cdc9d9-ddb5-4fa4-a97d-d965ccfc6d4b" outcome="Passed" testListId="8c84fa94-04c1-424b-9868-57a2d4851a1d" relativeResultsDirectory="46698466-93db-4ff3-bf6a-7a889761aa90" />
    <UnitTestResult executionId="81665c20-ac72-4e35-b93b-5b2791a4fdfb" testId="eb4bcd09-1487-d5b5-d0fe-ce22e91408f9" testName="Rig.Rapture.Tests.Import.NameNormalizationTests.NormalizeName_strips_civility_prefix(withCiv: &quot;M. FAURE Pascal&quot;, withoutCiv: &quot;FAURE Pascal&quot;)" computerName="PCLHOPITALW11" duration="00:00:00.0010000" startTime="2026-05-15T12:59:08.6235476+02:00" endTime="2026-05-15T12:59:08.6235476+02:00" testType="13cdc9d9-ddb5-4fa4-a97d-d965ccfc6d4b" outcome="Passed" testListId="8c84fa94-04c1-424b-9868-57a2d4851a1d" relativeResultsDirectory="81665c20-ac72-4e35-b93b-5b2791a4fdfb" />
    <UnitTestResult executionId="fe13dcef-e6ba-4eae-813d-0d8dc9ec0d22" testId="08ebabe1-e971-8c00-e3a2-4440fe88002f" testName="Rig.Rapture.Tests.Import.NameNormalizationTests.NormalizeCode_handles_accents" computerName="PCLHOPITALW11" duration="00:00:00.0010000" startTime="2026-05-15T12:59:08.6235476+02:00" endTime="2026-05-15T12:59:08.6235476+02:00" testType="13cdc9d9-ddb5-4fa4-a97d-d965ccfc6d4b" outcome="Passed" testListId="8c84fa94-04c1-424b-9868-57a2d4851a1d" relativeResultsDirectory="fe13dcef-e6ba-4eae-813d-0d8dc9ec0d22" />
    <UnitTestResult executionId="81db564e-e125-444b-9094-a57e8a0b16e8" testId="7899cc86-534f-4968-ff04-e881f6b26971" testName="Rig.Rapture.Tests.Import.ValidatorDateTests.TryParseDate_accepts_supported_formats(raw: &quot;2026-05-15T09:00:00&quot;, year: 2026, month: 5, day: 15)" computerName="PCLHOPITALW11" duration="00:00:00.0010000" startTime="2026-05-15T12:59:08.6235476+02:00" endTime="2026-05-15T12:59:08.6235476+02:00" testType="13cdc9d9-ddb5-4fa4-a97d-d965ccfc6d4b" outcome="Passed" testListId="8c84fa94-04c1-424b-9868-57a2d4851a1d" relativeResultsDirectory="81db564e-e125-444b-9094-a57e8a0b16e8" />
    <UnitTestResult executionId="4ce39ddc-37ff-4fce-b00c-403654eb0b29" testId="95f1d187-4a9a-19b6-f51d-82f650e45f16" testName="Rig.Rapture.Tests.Import.ParserTests.Exactly_2_affaires_have_decisionPC_block_filled" computerName="PCLHOPITALW11" duration="00:00:00.0020000" startTime="2026-05-15T12:59:08.8383926+02:00" endTime="2026-05-15T12:59:08.8383926+02:00" testType="13cdc9d9-ddb5-4fa4-a97d-d965ccfc6d4b" outcome="Passed" testListId="8c84fa94-04c1-424b-9868-57a2d4851a1d" relativeResultsDirectory="4ce39ddc-37ff-4fce-b00c-403654eb0b29" />
    <UnitTestResult executionId="b744b73e-9738-4863-9bdd-87311469b05a" testId="38ba8a9f-8310-6408-317b-0b86ec321924" testName="Rig.Rapture.Tests.Import.NameNormalizationTests.NormalizeName_strips_accents_and_lowercases(input: &quot;José María&quot;, expected: &quot;jose maria&quot;)" computerName="PCLHOPITALW11" duration="00:00:00.0010000" startTime="2026-05-15T12:59:08.6076161+02:00" endTime="2026-05-15T12:59:08.6076161+02:00" testType="13cdc9d9-ddb5-4fa4-a97d-d965ccfc6d4b" outcome="Passed" testListId="8c84fa94-04c1-424b-9868-57a2d4851a1d" relativeResultsDirectory="b744b73e-9738-4863-9bdd-87311469b05a" />
    <UnitTestResult executionId="d5bbf441-5ab4-4fe8-9ac6-c6793fae40d8" testId="49791275-f533-f5b3-b928-7f253574f79c" testName="Rig.Rapture.Tests.Export.PlumitifDtoTests.Plumitif_export_is_readable_by_RaptureImportParser_contract_test" computerName="PCLHOPITALW11" duration="00:00:00.0010000" startTime="2026-05-15T12:59:08.8223749+02:00" endTime="2026-05-15T12:59:08.8223749+02:00" testType="13cdc9d9-ddb5-4fa4-a97d-d965ccfc6d4b" outcome="Passed" testListId="8c84fa94-04c1-424b-9868-57a2d4851a1d" relativeResultsDirectory="d5bbf441-5ab4-4fe8-9ac6-c6793fae40d8" />
    <UnitTestResult executionId="503af0fc-c9bb-4a95-ae27-03eb00ffa2ce" testId="38a4efb7-ab77-dc2a-4c01-48b739702c94" testName="Rig.Rapture.Tests.Import.ParserTests.Header_audience_fields_match_sample" computerName="PCLHOPITALW11" duration="00:00:00.0020000" startTime="2026-05-15T12:59:08.8490187+02:00" endTime="2026-05-15T12:59:08.8490187+02:00" testType="13cdc9d9-ddb5-4fa4-a97d-d965ccfc6d4b" outcome="Passed" testListId="8c84fa94-04c1-424b-9868-57a2d4851a1d" relativeResultsDirectory="503af0fc-c9bb-4a95-ae27-03eb00ffa2ce" />
    <UnitTestResult executionId="beca6694-06a2-4d13-8658-078b5609995c" testId="17750146-6144-fe37-1125-2cde96718aa4" testName="Rig.Rapture.Tests.Import.ParserTests.Affaire_01_006_decisionPC_redressement_judiciaire_with_mj_danguy" computerName="PCLHOPITALW11" duration="00:00:00.0070000" startTime="2026-05-15T12:59:08.8383926+02:00" endTime="2026-05-15T12:59:08.8383926+02:00" testType="13cdc9d9-ddb5-4fa4-a97d-d965ccfc6d4b" outcome="Passed" testListId="8c84fa94-04c1-424b-9868-57a2d4851a1d" relativeResultsDirectory="beca6694-06a2-4d13-8658-078b5609995c" />
    <UnitTestResult executionId="45297643-7889-4283-8812-c9e0c5809643" testId="7adace99-3eb4-5f2d-c1a8-32b1615abbfc" testName="Rig.Rapture.Tests.Import.NameNormalizationTests.NormalizeCode_lowercases_strips_punctuation(input: &quot;Sauvegarde - Liquidation&quot;, expected: &quot;sauvegarde liquidation&quot;)" computerName="PCLHOPITALW11" duration="00:00:00.0010000" startTime="2026-05-15T12:59:08.6235476+02:00" endTime="2026-05-15T12:59:08.6235476+02:00" testType="13cdc9d9-ddb5-4fa4-a97d-d965ccfc6d4b" outcome="Passed" testListId="8c84fa94-04c1-424b-9868-57a2d4851a1d" relativeResultsDirectory="45297643-7889-4283-8812-c9e0c5809643" />
    <UnitTestResult executionId="e357ac4f-df9d-44d2-ab58-febe474da54c" testId="3ed93d03-8945-f086-8a88-9bbc4ee4666a" testName="Rig.Rapture.Tests.Import.ValidatorDateTests.TryParseDate_strips_leading_trailing_whitespace" computerName="PCLHOPITALW11" duration="00:00:00.0370000" startTime="2026-05-15T12:59:08.6076161+02:00" endTime="2026-05-15T12:59:08.6076161+02:00" testType="13cdc9d9-ddb5-4fa4-a97d-d965ccfc6d4b" outcome="Passed" testListId="8c84fa94-04c1-424b-9868-57a2d4851a1d" relativeResultsDirectory="e357ac4f-df9d-44d2-ab58-febe474da54c" />
    <UnitTestResult executionId="74854025-6cf7-425c-90ce-93a50380e631" testId="1d2abdf1-74d9-8940-0504-22058cea8cca" testName="Rig.Rapture.Tests.Import.ParserTests.Affaires_count_is_72" computerName="PCLHOPITALW11" duration="00:00:00.0020000" startTime="2026-05-15T12:59:08.8490187+02:00" endTime="2026-05-15T12:59:08.8490187+02:00" testType="13cdc9d9-ddb5-4fa4-a97d-d965ccfc6d4b" outcome="Passed" testListId="8c84fa94-04c1-424b-9868-57a2d4851a1d" relativeResultsDirectory="74854025-6cf7-425c-90ce-93a50380e631" />
    <UnitTestResult executionId="6245de2c-d1b9-4870-b773-903aecc8d837" testId="feed4077-a588-0266-8c97-3bdbf5f4c3e2" testName="Rig.Rapture.Tests.Import.NameNormalizationTests.NormalizeCode_lowercases_strips_punctuation(input: &quot;RJ&quot;, expected: &quot;rj&quot;)" computerName="PCLHOPITALW11" duration="00:00:00.0010000" startTime="2026-05-15T12:59:08.6235476+02:00" endTime="2026-05-15T12:59:08.6235476+02:00" testType="13cdc9d9-ddb5-4fa4-a97d-d965ccfc6d4b" outcome="Passed" testListId="8c84fa94-04c1-424b-9868-57a2d4851a1d" relativeResultsDirectory="6245de2c-d1b9-4870-b773-903aecc8d837" />
    <UnitTestResult executionId="2b9bdecb-e40d-4c89-827b-0e88ca5edcad" testId="39b944fd-b5fb-3990-6d42-b85c839412f0" testName="Rig.Rapture.Tests.Import.NameNormalizationTests.NormalizeCode_lowercases_strips_punctuation(input: &quot;LJ-SP&quot;, expected: &quot;ljsp&quot;)" computerName="PCLHOPITALW11" duration="00:00:00.0010000" startTime="2026-05-15T12:59:08.6235476+02:00" endTime="2026-05-15T12:59:08.6235476+02:00" testType="13cdc9d9-ddb5-4fa4-a97d-d965ccfc6d4b" outcome="Passed" testListId="8c84fa94-04c1-424b-9868-57a2d4851a1d" relativeResultsDirectory="2b9bdecb-e40d-4c89-827b-0e88ca5edcad" />
    <UnitTestResult executionId="73c3dde9-875b-44f3-9069-9f559bb3d77d" testId="188deb17-a1a7-c280-4029-8469db7c5dad" testName="Rig.Rapture.Tests.Import.NameNormalizationTests.NormalizeCode_lowercases_strips_punctuation(input: &quot;Patrimoine pro.&quot;, expected: &quot;patrimoine pro&quot;)" computerName="PCLHOPITALW11" duration="00:00:00.0010000" startTime="2026-05-15T12:59:08.6235476+02:00" endTime="2026-05-15T12:59:08.6235476+02:00" testType="13cdc9d9-ddb5-4fa4-a97d-d965ccfc6d4b" outcome="Passed" testListId="8c84fa94-04c1-424b-9868-57a2d4851a1d" relativeResultsDirectory="73c3dde9-875b-44f3-9069-9f559bb3d77d" />
    <UnitTestResult executionId="90806c66-365f-4eef-bc94-5b23eccb3351" testId="886072db-baff-7e2c-75e9-d4a61d318629" testName="Rig.Rapture.Tests.Import.NameNormalizationTests.NormalizeName_returns_null_on_null_or_empty" computerName="PCLHOPITALW11" duration="00:00:00.0010000" startTime="2026-05-15T12:59:08.6396106+02:00" endTime="2026-05-15T12:59:08.6396106+02:00" testType="13cdc9d9-ddb5-4fa4-a97d-d965ccfc6d4b" outcome="Passed" testListId="8c84fa94-04c1-424b-9868-57a2d4851a1d" relativeResultsDirectory="90806c66-365f-4eef-bc94-5b23eccb3351" />
    <UnitTestResult executionId="8a2ada1c-6910-4290-99ab-5b2defa07853" testId="bc6d712b-0c00-4aa9-8597-f053e51b0454" testName="Rig.Rapture.Tests.Import.NameNormalizationTests.NormalizeName_collapses_whitespace(input: &quot;  M.   FAURE     Pascal  &quot;, expected: &quot;faure pascal&quot;)" computerName="PCLHOPITALW11" duration="00:00:00.0010000" startTime="2026-05-15T12:59:08.6235476+02:00" endTime="2026-05-15T12:59:08.6235476+02:00" testType="13cdc9d9-ddb5-4fa4-a97d-d965ccfc6d4b" outcome="Passed" testListId="8c84fa94-04c1-424b-9868-57a2d4851a1d" relativeResultsDirectory="8a2ada1c-6910-4290-99ab-5b2defa07853" />
    <UnitTestResult executionId="5d2f03bb-899f-4835-b2ae-f8af311e7b32" testId="bef3f6eb-ce2c-5b30-dda2-914ab951ab28" testName="Rig.Rapture.Tests.Import.ValidatorDateTests.TryParseDate_accepts_supported_formats(raw: &quot;12/07/2026&quot;, year: 2026, month: 7, day: 12)" computerName="PCLHOPITALW11" duration="00:00:00.0010000" startTime="2026-05-15T12:59:08.6076161+02:00" endTime="2026-05-15T12:59:08.6076161+02:00" testType="13cdc9d9-ddb5-4fa4-a97d-d965ccfc6d4b" outcome="Passed" testListId="8c84fa94-04c1-424b-9868-57a2d4851a1d" relativeResultsDirectory="5d2f03bb-899f-4835-b2ae-f8af311e7b32" />
    <UnitTestResult executionId="a01f83f4-3646-4764-9099-7e86ac7a05f8" testId="95ab2396-ff39-f69e-62ed-1e8aa9ec9f58" testName="Rig.Rapture.Tests.Import.NameNormalizationTests.NormalizeName_collapses_whitespace(input: &quot;M. FAURE\tPascal&quot;, expected: &quot;faure pascal&quot;)" computerName="PCLHOPITALW11" duration="00:00:00.0010000" startTime="2026-05-15T12:59:08.6235476+02:00" endTime="2026-05-15T12:59:08.6235476+02:00" testType="13cdc9d9-ddb5-4fa4-a97d-d965ccfc6d4b" outcome="Passed" testListId="8c84fa94-04c1-424b-9868-57a2d4851a1d" relativeResultsDirectory="a01f83f4-3646-4764-9099-7e86ac7a05f8" />
    <UnitTestResult executionId="fb1b12f8-5029-434d-a92e-baa976c5b01a" testId="06a2aea8-f342-9bf6-6655-db7239fd37fe" testName="Rig.Rapture.Tests.Import.NameNormalizationTests.NormalizeName_strips_accents_and_lowercases(input: &quot;Maître&quot;, expected: &quot;maitre&quot;)" computerName="PCLHOPITALW11" duration="00:00:00.0010000" startTime="2026-05-15T12:59:08.6076161+02:00" endTime="2026-05-15T12:59:08.6076161+02:00" testType="13cdc9d9-ddb5-4fa4-a97d-d965ccfc6d4b" outcome="Passed" testListId="8c84fa94-04c1-424b-9868-57a2d4851a1d" relativeResultsDirectory="fb1b12f8-5029-434d-a92e-baa976c5b01a" />
    <UnitTestResult executionId="f14d4740-cc48-49ab-b3ff-41f5e99429a6" testId="8677d611-e154-b7d8-ab8e-44d14d38ab0a" testName="Rig.Rapture.Tests.Import.NameNormalizationTests.NormalizeName_strips_civility_prefix(withCiv: &quot;Me DANGUY Marie&quot;, withoutCiv: &quot;Maître DANGUY Marie&quot;)" computerName="PCLHOPITALW11" duration="00:00:00.0010000" startTime="2026-05-15T12:59:08.6235476+02:00" endTime="2026-05-15T12:59:08.6235476+02:00" testType="13cdc9d9-ddb5-4fa4-a97d-d965ccfc6d4b" outcome="Passed" testListId="8c84fa94-04c1-424b-9868-57a2d4851a1d" relativeResultsDirectory="f14d4740-cc48-49ab-b3ff-41f5e99429a6" />
    <UnitTestResult executionId="a3b232ef-b2cb-4891-b6d5-eb47f9beb918" testId="42036033-06fe-1377-4d1b-e22d80090176" testName="Rig.Rapture.Tests.Export.PlumitifDtoTests.Empty_affaires_list_is_serialized_and_parseable" computerName="PCLHOPITALW11" duration="00:00:00.0030000" startTime="2026-05-15T12:59:08.8223749+02:00" endTime="2026-05-15T12:59:08.8223749+02:00" testType="13cdc9d9-ddb5-4fa4-a97d-d965ccfc6d4b" outcome="Passed" testListId="8c84fa94-04c1-424b-9868-57a2d4851a1d" relativeResultsDirectory="a3b232ef-b2cb-4891-b6d5-eb47f9beb918" />
    <UnitTestResult executionId="70638605-9011-4a3b-b7de-1435a2b3b797" testId="99594c2d-61be-f58a-b56a-cdd8f92004e6" testName="Rig.Rapture.Tests.Export.PlumitifDtoTests.PlumitifDto_roundtrip_preserves_header_and_affaire_fields" computerName="PCLHOPITALW11" duration="00:00:00.2530000" startTime="2026-05-15T12:59:08.8223749+02:00" endTime="2026-05-15T12:59:08.8223749+02:00" testType="13cdc9d9-ddb5-4fa4-a97d-d965ccfc6d4b" outcome="Passed" testListId="8c84fa94-04c1-424b-9868-57a2d4851a1d" relativeResultsDirectory="70638605-9011-4a3b-b7de-1435a2b3b797" />
    <UnitTestResult executionId="a174922d-92dd-4257-9f3d-dd71646b39fe" testId="1d9a7302-8fe7-dbe7-05ac-b90cef16a608" testName="Rig.Rapture.Tests.Import.ValidatorDateTests.TryParseDate_returns_false_on_invalid(raw: &quot;&quot;)" computerName="PCLHOPITALW11" duration="00:00:00.0010000" startTime="2026-05-15T12:59:08.6396106+02:00" endTime="2026-05-15T12:59:08.6396106+02:00" testType="13cdc9d9-ddb5-4fa4-a97d-d965ccfc6d4b" outcome="Passed" testListId="8c84fa94-04c1-424b-9868-57a2d4851a1d" relativeResultsDirectory="a174922d-92dd-4257-9f3d-dd71646b39fe" />
    <UnitTestResult executionId="7e3bd40d-6921-486e-9713-2295f1755302" testId="7e584fe6-87f4-4dfe-2fcb-903c556c80fd" testName="Rig.Rapture.Tests.Import.NameNormalizationTests.NormalizeName_strips_civility_prefix(withCiv: &quot;Maitre DANGUY Marie&quot;, withoutCiv: &quot;DANGUY Marie&quot;)" computerName="PCLHOPITALW11" duration="00:00:00.0010000" startTime="2026-05-15T12:59:08.6235476+02:00" endTime="2026-05-15T12:59:08.6235476+02:00" testType="13cdc9d9-ddb5-4fa4-a97d-d965ccfc6d4b" outcome="Passed" testListId="8c84fa94-04c1-424b-9868-57a2d4851a1d" relativeResultsDirectory="7e3bd40d-6921-486e-9713-2295f1755302" />
    <UnitTestResult executionId="ee409fc0-e810-4077-b749-ecc2abb8c69d" testId="cdb77081-a315-a3c3-df29-d1fa3ba594bf" testName="Rig.Rapture.Tests.Import.ParserTests.Parser_throws_RaptureImportParseException_on_malformed_json" computerName="PCLHOPITALW11" duration="00:00:00.1650000" startTime="2026-05-15T12:59:08.7352126+02:00" endTime="2026-05-15T12:59:08.7352126+02:00" testType="13cdc9d9-ddb5-4fa4-a97d-d965ccfc6d4b" outcome="Passed" testListId="8c84fa94-04c1-424b-9868-57a2d4851a1d" relativeResultsDirectory="ee409fc0-e810-4077-b749-ecc2abb8c69d" />
  </Results>
  <TestDefinitions>
    <UnitTest name="Rig.Rapture.Tests.Import.ValidatorDateTests.TryParseDate_accepts_supported_formats(raw: &quot;2026-05-15T09:00:00&quot;, year: 2026, month: 5, day: 15)" storage="c:\code rig\rigapplication-testing\source\wpf\rig.rapture.tests\bin\debug\net48\rig.rapture.tests.dll" id="7899cc86-534f-4968-ff04-e881f6b26971">
      <Execution id="81db564e-e125-444b-9094-a57e8a0b16e8" />
      <TestMethod codeBase="C:\Code RIG\RigApplication-testing\Source\Wpf\Rig.Rapture.Tests\bin\Debug\net48\Rig.Rapture.Tests.dll" adapterTypeName="executor://xunit/VsTestRunner2/net" className="Rig.Rapture.Tests.Import.ValidatorDateTests" name="TryParseDate_accepts_supported_formats" />
    </UnitTest>
    <UnitTest name="Rig.Rapture.Tests.Import.NameNormalizationTests.NormalizeName_case_insensitive_civility_match" storage="c:\code rig\rigapplication-testing\source\wpf\rig.rapture.tests\bin\debug\net48\rig.rapture.tests.dll" id="35c0ee4e-d84b-b812-b85f-3be1dfce6da7">
      <Execution id="0398b3da-b7a2-41a3-b48e-9cb6897ffa41" />
      <TestMethod codeBase="C:\Code RIG\RigApplication-testing\Source\Wpf\Rig.Rapture.Tests\bin\Debug\net48\Rig.Rapture.Tests.dll" adapterTypeName="executor://xunit/VsTestRunner2/net" className="Rig.Rapture.Tests.Import.NameNormalizationTests" name="NormalizeName_case_insensitive_civility_match" />
    </UnitTest>
    <UnitTest name="Rig.Rapture.Tests.Import.ParserTests.Parser_throws_RaptureImportParseException_on_malformed_json" storage="c:\code rig\rigapplication-testing\source\wpf\rig.rapture.tests\bin\debug\net48\rig.rapture.tests.dll" id="cdb77081-a315-a3c3-df29-d1fa3ba594bf">
      <Execution id="ee409fc0-e810-4077-b749-ecc2abb8c69d" />
      <TestMethod codeBase="C:\Code RIG\RigApplication-testing\Source\Wpf\Rig.Rapture.Tests\bin\Debug\net48\Rig.Rapture.Tests.dll" adapterTypeName="executor://xunit/VsTestRunner2/net" className="Rig.Rapture.Tests.Import.ParserTests" name="Parser_throws_RaptureImportParseException_on_malformed_json" />
    </UnitTest>
    <UnitTest name="Rig.Rapture.Tests.Import.ValidatorDateTests.TryParseDate_affaire_01_006_dates_all_parse_at_dd_MM_yyyy" storage="c:\code rig\rigapplication-testing\source\wpf\rig.rapture.tests\bin\debug\net48\rig.rapture.tests.dll" id="4b28f293-705c-ff92-b3c9-d27cd0ee624c">
      <Execution id="282742c9-e025-4b40-bb11-e6a95ff3066f" />
      <TestMethod codeBase="C:\Code RIG\RigApplication-testing\Source\Wpf\Rig.Rapture.Tests\bin\Debug\net48\Rig.Rapture.Tests.dll" adapterTypeName="executor://xunit/VsTestRunner2/net" className="Rig.Rapture.Tests.Import.ValidatorDateTests" name="TryParseDate_affaire_01_006_dates_all_parse_at_dd_MM_yyyy" />
    </UnitTest>
    <UnitTest name="Rig.Rapture.Tests.Import.ParserTests.Parser_strips_utf8_bom_when_present" storage="c:\code rig\rigapplication-testing\source\wpf\rig.rapture.tests\bin\debug\net48\rig.rapture.tests.dll" id="f9d50c12-6ad3-0f15-c696-efd486c9d13c">
      <Execution id="7a925006-552a-4e84-b7d8-c61a505c6349" />
      <TestMethod codeBase="C:\Code RIG\RigApplication-testing\Source\Wpf\Rig.Rapture.Tests\bin\Debug\net48\Rig.Rapture.Tests.dll" adapterTypeName="executor://xunit/VsTestRunner2/net" className="Rig.Rapture.Tests.Import.ParserTests" name="Parser_strips_utf8_bom_when_present" />
    </UnitTest>
    <UnitTest name="Rig.Rapture.Tests.Import.ParserTests.Exactly_3_affaires_have_type_decision_ouverture_pc" storage="c:\code rig\rigapplication-testing\source\wpf\rig.rapture.tests\bin\debug\net48\rig.rapture.tests.dll" id="808dbce4-2bdb-54d8-a20c-77a98b1966db">
      <Execution id="bafb221f-f3f9-4d87-a423-671fdca13e93" />
      <TestMethod codeBase="C:\Code RIG\RigApplication-testing\Source\Wpf\Rig.Rapture.Tests\bin\Debug\net48\Rig.Rapture.Tests.dll" adapterTypeName="executor://xunit/VsTestRunner2/net" className="Rig.Rapture.Tests.Import.ParserTests" name="Exactly_3_affaires_have_type_decision_ouverture_pc" />
    </UnitTest>
    <UnitTest name="Rig.Rapture.Tests.Import.NameNormalizationTests.NormalizeName_strips_civility_prefix(withCiv: &quot;Mlle DUPONT&quot;, withoutCiv: &quot;DUPONT&quot;)" storage="c:\code rig\rigapplication-testing\source\wpf\rig.rapture.tests\bin\debug\net48\rig.rapture.tests.dll" id="f0186c19-ca56-ee7d-dae5-b476385c548a">
      <Execution id="ea0cffe0-a8d9-41a4-87fa-8134ec55eaba" />
      <TestMethod codeBase="C:\Code RIG\RigApplication-testing\Source\Wpf\Rig.Rapture.Tests\bin\Debug\net48\Rig.Rapture.Tests.dll" adapterTypeName="executor://xunit/VsTestRunner2/net" className="Rig.Rapture.Tests.Import.NameNormalizationTests" name="NormalizeName_strips_civility_prefix" />
    </UnitTest>
    <UnitTest name="Rig.Rapture.Tests.Import.ValidatorDateTests.TryParseDate_strips_leading_trailing_whitespace" storage="c:\code rig\rigapplication-testing\source\wpf\rig.rapture.tests\bin\debug\net48\rig.rapture.tests.dll" id="3ed93d03-8945-f086-8a88-9bbc4ee4666a">
      <Execution id="e357ac4f-df9d-44d2-ab58-febe474da54c" />
      <TestMethod codeBase="C:\Code RIG\RigApplication-testing\Source\Wpf\Rig.Rapture.Tests\bin\Debug\net48\Rig.Rapture.Tests.dll" adapterTypeName="executor://xunit/VsTestRunner2/net" className="Rig.Rapture.Tests.Import.ValidatorDateTests" name="TryParseDate_strips_leading_trailing_whitespace" />
    </UnitTest>
    <UnitTest name="Rig.Rapture.Tests.Import.NameNormalizationTests.NormalizeName_returns_null_on_null_or_empty" storage="c:\code rig\rigapplication-testing\source\wpf\rig.rapture.tests\bin\debug\net48\rig.rapture.tests.dll" id="886072db-baff-7e2c-75e9-d4a61d318629">
      <Execution id="90806c66-365f-4eef-bc94-5b23eccb3351" />
      <TestMethod codeBase="C:\Code RIG\RigApplication-testing\Source\Wpf\Rig.Rapture.Tests\bin\Debug\net48\Rig.Rapture.Tests.dll" adapterTypeName="executor://xunit/VsTestRunner2/net" className="Rig.Rapture.Tests.Import.NameNormalizationTests" name="NormalizeName_returns_null_on_null_or_empty" />
    </UnitTest>
    <UnitTest name="Rig.Rapture.Tests.Export.PlumitifDtoTests.Plumitif_export_is_readable_by_RaptureImportParser_contract_test" storage="c:\code rig\rigapplication-testing\source\wpf\rig.rapture.tests\bin\debug\net48\rig.rapture.tests.dll" id="49791275-f533-f5b3-b928-7f253574f79c">
      <Execution id="d5bbf441-5ab4-4fe8-9ac6-c6793fae40d8" />
      <TestMethod codeBase="C:\Code RIG\RigApplication-testing\Source\Wpf\Rig.Rapture.Tests\bin\Debug\net48\Rig.Rapture.Tests.dll" adapterTypeName="executor://xunit/VsTestRunner2/net" className="Rig.Rapture.Tests.Export.PlumitifDtoTests" name="Plumitif_export_is_readable_by_RaptureImportParser_contract_test" />
    </UnitTest>
    <UnitTest name="Rig.Rapture.Tests.Import.NameNormalizationTests.NormalizeName_collapses_whitespace(input: &quot;  M.   FAURE     Pascal  &quot;, expected: &quot;faure pascal&quot;)" storage="c:\code rig\rigapplication-testing\source\wpf\rig.rapture.tests\bin\debug\net48\rig.rapture.tests.dll" id="bc6d712b-0c00-4aa9-8597-f053e51b0454">
      <Execution id="8a2ada1c-6910-4290-99ab-5b2defa07853" />
      <TestMethod codeBase="C:\Code RIG\RigApplication-testing\Source\Wpf\Rig.Rapture.Tests\bin\Debug\net48\Rig.Rapture.Tests.dll" adapterTypeName="executor://xunit/VsTestRunner2/net" className="Rig.Rapture.Tests.Import.NameNormalizationTests" name="NormalizeName_collapses_whitespace" />
    </UnitTest>
    <UnitTest name="Rig.Rapture.Tests.Import.NameNormalizationTests.NormalizeCode_lowercases_strips_punctuation(input: &quot;RJ&quot;, expected: &quot;rj&quot;)" storage="c:\code rig\rigapplication-testing\source\wpf\rig.rapture.tests\bin\debug\net48\rig.rapture.tests.dll" id="feed4077-a588-0266-8c97-3bdbf5f4c3e2">
      <Execution id="6245de2c-d1b9-4870-b773-903aecc8d837" />
      <TestMethod codeBase="C:\Code RIG\RigApplication-testing\Source\Wpf\Rig.Rapture.Tests\bin\Debug\net48\Rig.Rapture.Tests.dll" adapterTypeName="executor://xunit/VsTestRunner2/net" className="Rig.Rapture.Tests.Import.NameNormalizationTests" name="NormalizeCode_lowercases_strips_punctuation" />
    </UnitTest>
    <UnitTest name="Rig.Rapture.Tests.Import.ParserTests.Exactly_2_affaires_have_decisionPC_block_filled" storage="c:\code rig\rigapplication-testing\source\wpf\rig.rapture.tests\bin\debug\net48\rig.rapture.tests.dll" id="95f1d187-4a9a-19b6-f51d-82f650e45f16">
      <Execution id="4ce39ddc-37ff-4fce-b00c-403654eb0b29" />
      <TestMethod codeBase="C:\Code RIG\RigApplication-testing\Source\Wpf\Rig.Rapture.Tests\bin\Debug\net48\Rig.Rapture.Tests.dll" adapterTypeName="executor://xunit/VsTestRunner2/net" className="Rig.Rapture.Tests.Import.ParserTests" name="Exactly_2_affaires_have_decisionPC_block_filled" />
    </UnitTest>
    <UnitTest name="Rig.Rapture.Tests.Import.ValidatorDateTests.TryParseDate_returns_false_on_invalid(raw: &quot;not a date&quot;)" storage="c:\code rig\rigapplication-testing\source\wpf\rig.rapture.tests\bin\debug\net48\rig.rapture.tests.dll" id="f1e5ca88-299f-5076-a664-5d18397996b0">
      <Execution id="89e12ab3-1997-447b-9895-44a6db1486c6" />
      <TestMethod codeBase="C:\Code RIG\RigApplication-testing\Source\Wpf\Rig.Rapture.Tests\bin\Debug\net48\Rig.Rapture.Tests.dll" adapterTypeName="executor://xunit/VsTestRunner2/net" className="Rig.Rapture.Tests.Import.ValidatorDateTests" name="TryParseDate_returns_false_on_invalid" />
    </UnitTest>
    <UnitTest name="Rig.Rapture.Tests.Import.NameNormalizationTests.NormalizeName_strips_civility_prefix(withCiv: &quot;Mme ROCHE Marjorie&quot;, withoutCiv: &quot;ROCHE Marjorie&quot;)" storage="c:\code rig\rigapplication-testing\source\wpf\rig.rapture.tests\bin\debug\net48\rig.rapture.tests.dll" id="425711fa-6375-9684-8983-3ce26ff0d651">
      <Execution id="e96fc0d0-5d37-411f-a348-545774c36acb" />
      <TestMethod codeBase="C:\Code RIG\RigApplication-testing\Source\Wpf\Rig.Rapture.Tests\bin\Debug\net48\Rig.Rapture.Tests.dll" adapterTypeName="executor://xunit/VsTestRunner2/net" className="Rig.Rapture.Tests.Import.NameNormalizationTests" name="NormalizeName_strips_civility_prefix" />
    </UnitTest>
    <UnitTest name="Rig.Rapture.Tests.Import.NameNormalizationTests.NormalizeName_strips_civility_prefix(withCiv: &quot;M. FAURE Pascal&quot;, withoutCiv: &quot;FAURE Pascal&quot;)" storage="c:\code rig\rigapplication-testing\source\wpf\rig.rapture.tests\bin\debug\net48\rig.rapture.tests.dll" id="eb4bcd09-1487-d5b5-d0fe-ce22e91408f9">
      <Execution id="81665c20-ac72-4e35-b93b-5b2791a4fdfb" />
      <TestMethod codeBase="C:\Code RIG\RigApplication-testing\Source\Wpf\Rig.Rapture.Tests\bin\Debug\net48\Rig.Rapture.Tests.dll" adapterTypeName="executor://xunit/VsTestRunner2/net" className="Rig.Rapture.Tests.Import.NameNormalizationTests" name="NormalizeName_strips_civility_prefix" />
    </UnitTest>
    <UnitTest name="Rig.Rapture.Tests.Import.NameNormalizationTests.NormalizeCode_handles_accents" storage="c:\code rig\rigapplication-testing\source\wpf\rig.rapture.tests\bin\debug\net48\rig.rapture.tests.dll" id="08ebabe1-e971-8c00-e3a2-4440fe88002f">
      <Execution id="fe13dcef-e6ba-4eae-813d-0d8dc9ec0d22" />
      <TestMethod codeBase="C:\Code RIG\RigApplication-testing\Source\Wpf\Rig.Rapture.Tests\bin\Debug\net48\Rig.Rapture.Tests.dll" adapterTypeName="executor://xunit/VsTestRunner2/net" className="Rig.Rapture.Tests.Import.NameNormalizationTests" name="NormalizeCode_handles_accents" />
    </UnitTest>
    <UnitTest name="Rig.Rapture.Tests.Import.NameNormalizationTests.NormalizeName_strips_civility_prefix(withCiv: &quot;Mme. ROCHE Marjorie&quot;, withoutCiv: &quot;ROCHE Marjorie&quot;)" storage="c:\code rig\rigapplication-testing\source\wpf\rig.rapture.tests\bin\debug\net48\rig.rapture.tests.dll" id="b1b65145-d9e8-3bce-2b7b-e35978119ed8">
      <Execution id="9ac6a4b4-bbc5-4a6c-af78-e8ee235bdefe" />
      <TestMethod codeBase="C:\Code RIG\RigApplication-testing\Source\Wpf\Rig.Rapture.Tests\bin\Debug\net48\Rig.Rapture.Tests.dll" adapterTypeName="executor://xunit/VsTestRunner2/net" className="Rig.Rapture.Tests.Import.NameNormalizationTests" name="NormalizeName_strips_civility_prefix" />
    </UnitTest>
    <UnitTest name="Rig.Rapture.Tests.Import.NameNormalizationTests.NormalizeCode_lowercases_strips_punctuation(input: &quot;Patrimoine pro.&quot;, expected: &quot;patrimoine pro&quot;)" storage="c:\code rig\rigapplication-testing\source\wpf\rig.rapture.tests\bin\debug\net48\rig.rapture.tests.dll" id="188deb17-a1a7-c280-4029-8469db7c5dad">
      <Execution id="73c3dde9-875b-44f3-9069-9f559bb3d77d" />
      <TestMethod codeBase="C:\Code RIG\RigApplication-testing\Source\Wpf\Rig.Rapture.Tests\bin\Debug\net48\Rig.Rapture.Tests.dll" adapterTypeName="executor://xunit/VsTestRunner2/net" className="Rig.Rapture.Tests.Import.NameNormalizationTests" name="NormalizeCode_lowercases_strips_punctuation" />
    </UnitTest>
    <UnitTest name="Rig.Rapture.Tests.Export.PlumitifDtoTests.Plumitif_with_isProcedureCollective_true_roundtrips_correctly" storage="c:\code rig\rigapplication-testing\source\wpf\rig.rapture.tests\bin\debug\net48\rig.rapture.tests.dll" id="fc8a7e60-0164-e68b-2488-4e29bd8bffd9">
      <Execution id="7ff75237-f60d-4b09-9c46-226991cc5b48" />
      <TestMethod codeBase="C:\Code RIG\RigApplication-testing\Source\Wpf\Rig.Rapture.Tests\bin\Debug\net48\Rig.Rapture.Tests.dll" adapterTypeName="executor://xunit/VsTestRunner2/net" className="Rig.Rapture.Tests.Export.PlumitifDtoTests" name="Plumitif_with_isProcedureCollective_true_roundtrips_correctly" />
    </UnitTest>
    <UnitTest name="Rig.Rapture.Tests.Import.ValidatorDateTests.TryParseDate_accepts_supported_formats(raw: &quot;2026-05-15T09:00:00Z&quot;, year: 2026, month: 5, day: 15)" storage="c:\code rig\rigapplication-testing\source\wpf\rig.rapture.tests\bin\debug\net48\rig.rapture.tests.dll" id="ed66ff6e-6971-ef7c-e540-c7b6db1b595b">
      <Execution id="d36e9597-716d-48a9-9bd6-9cbcd04f6a87" />
      <TestMethod codeBase="C:\Code RIG\RigApplication-testing\Source\Wpf\Rig.Rapture.Tests\bin\Debug\net48\Rig.Rapture.Tests.dll" adapterTypeName="executor://xunit/VsTestRunner2/net" className="Rig.Rapture.Tests.Import.ValidatorDateTests" name="TryParseDate_accepts_supported_formats" />
    </UnitTest>
    <UnitTest name="Rig.Rapture.Tests.Import.ValidatorDateTests.TryParseDate_accepts_supported_formats(raw: &quot;2026-05-15&quot;, year: 2026, month: 5, day: 15)" storage="c:\code rig\rigapplication-testing\source\wpf\rig.rapture.tests\bin\debug\net48\rig.rapture.tests.dll" id="29c04a07-dab5-3c45-ac88-f0242a6a7abf">
      <Execution id="091796a8-23d5-41d9-87b6-54903d105e9c" />
      <TestMethod codeBase="C:\Code RIG\RigApplication-testing\Source\Wpf\Rig.Rapture.Tests\bin\Debug\net48\Rig.Rapture.Tests.dll" adapterTypeName="executor://xunit/VsTestRunner2/net" className="Rig.Rapture.Tests.Import.ValidatorDateTests" name="TryParseDate_accepts_supported_formats" />
    </UnitTest>
    <UnitTest name="Rig.Rapture.Tests.Import.ValidatorDateTests.TryParseDate_returns_false_on_invalid(raw: &quot;test date de cessation&quot;)" storage="c:\code rig\rigapplication-testing\source\wpf\rig.rapture.tests\bin\debug\net48\rig.rapture.tests.dll" id="7c33cfbc-0b1e-44c7-2446-28a4aa3f79f0">
      <Execution id="bf9d7fb8-fe7d-42e1-8a54-8526e5febb07" />
      <TestMethod codeBase="C:\Code RIG\RigApplication-testing\Source\Wpf\Rig.Rapture.Tests\bin\Debug\net48\Rig.Rapture.Tests.dll" adapterTypeName="executor://xunit/VsTestRunner2/net" className="Rig.Rapture.Tests.Import.ValidatorDateTests" name="TryParseDate_returns_false_on_invalid" />
    </UnitTest>
    <UnitTest name="Rig.Rapture.Tests.Import.NameNormalizationTests.NormalizeCode_lowercases_strips_punctuation(input: &quot;Sauvegarde - Liquidation&quot;, expected: &quot;sauvegarde liquidation&quot;)" storage="c:\code rig\rigapplication-testing\source\wpf\rig.rapture.tests\bin\debug\net48\rig.rapture.tests.dll" id="7adace99-3eb4-5f2d-c1a8-32b1615abbfc">
      <Execution id="45297643-7889-4283-8812-c9e0c5809643" />
      <TestMethod codeBase="C:\Code RIG\RigApplication-testing\Source\Wpf\Rig.Rapture.Tests\bin\Debug\net48\Rig.Rapture.Tests.dll" adapterTypeName="executor://xunit/VsTestRunner2/net" className="Rig.Rapture.Tests.Import.NameNormalizationTests" name="NormalizeCode_lowercases_strips_punctuation" />
    </UnitTest>
    <UnitTest name="Rig.Rapture.Tests.Import.ValidatorDateTests.TryParseDate_accepts_supported_formats(raw: &quot;12/07/2026&quot;, year: 2026, month: 7, day: 12)" storage="c:\code rig\rigapplication-testing\source\wpf\rig.rapture.tests\bin\debug\net48\rig.rapture.tests.dll" id="bef3f6eb-ce2c-5b30-dda2-914ab951ab28">
      <Execution id="5d2f03bb-899f-4835-b2ae-f8af311e7b32" />
      <TestMethod codeBase="C:\Code RIG\RigApplication-testing\Source\Wpf\Rig.Rapture.Tests\bin\Debug\net48\Rig.Rapture.Tests.dll" adapterTypeName="executor://xunit/VsTestRunner2/net" className="Rig.Rapture.Tests.Import.ValidatorDateTests" name="TryParseDate_accepts_supported_formats" />
    </UnitTest>
    <UnitTest name="Rig.Rapture.Tests.Import.NameNormalizationTests.NormalizeName_strips_accents_and_lowercases(input: &quot;ÉCHANGE&quot;, expected: &quot;echange&quot;)" storage="c:\code rig\rigapplication-testing\source\wpf\rig.rapture.tests\bin\debug\net48\rig.rapture.tests.dll" id="61928871-6abb-6bd6-4466-ec285f7c3fdf">
      <Execution id="709de78e-5316-4414-8b40-bddc204c17fa" />
      <TestMethod codeBase="C:\Code RIG\RigApplication-testing\Source\Wpf\Rig.Rapture.Tests\bin\Debug\net48\Rig.Rapture.Tests.dll" adapterTypeName="executor://xunit/VsTestRunner2/net" className="Rig.Rapture.Tests.Import.NameNormalizationTests" name="NormalizeName_strips_accents_and_lowercases" />
    </UnitTest>
    <UnitTest name="Rig.Rapture.Tests.Import.NameNormalizationTests.NormalizeCode_lowercases_strips_punctuation(input: &quot;Liquidation Judiciaire&quot;, expected: &quot;liquidation judiciaire&quot;)" storage="c:\code rig\rigapplication-testing\source\wpf\rig.rapture.tests\bin\debug\net48\rig.rapture.tests.dll" id="926e077d-44c1-0838-e8c5-cd4d0266da15">
      <Execution id="8f8f8c32-68e7-4634-b870-0583996e07dc" />
      <TestMethod codeBase="C:\Code RIG\RigApplication-testing\Source\Wpf\Rig.Rapture.Tests\bin\Debug\net48\Rig.Rapture.Tests.dll" adapterTypeName="executor://xunit/VsTestRunner2/net" className="Rig.Rapture.Tests.Import.NameNormalizationTests" name="NormalizeCode_lowercases_strips_punctuation" />
    </UnitTest>
    <UnitTest name="Rig.Rapture.Tests.Export.PlumitifDtoTests.Empty_affaires_list_is_serialized_and_parseable" storage="c:\code rig\rigapplication-testing\source\wpf\rig.rapture.tests\bin\debug\net48\rig.rapture.tests.dll" id="42036033-06fe-1377-4d1b-e22d80090176">
      <Execution id="a3b232ef-b2cb-4891-b6d5-eb47f9beb918" />
      <TestMethod codeBase="C:\Code RIG\RigApplication-testing\Source\Wpf\Rig.Rapture.Tests\bin\Debug\net48\Rig.Rapture.Tests.dll" adapterTypeName="executor://xunit/VsTestRunner2/net" className="Rig.Rapture.Tests.Export.PlumitifDtoTests" name="Empty_affaires_list_is_serialized_and_parseable" />
    </UnitTest>
    <UnitTest name="Rig.Rapture.Tests.Import.NameNormalizationTests.NormalizeName_strips_civility_prefix(withCiv: &quot;Me DANGUY Marie&quot;, withoutCiv: &quot;Maître DANGUY Marie&quot;)" storage="c:\code rig\rigapplication-testing\source\wpf\rig.rapture.tests\bin\debug\net48\rig.rapture.tests.dll" id="8677d611-e154-b7d8-ab8e-44d14d38ab0a">
      <Execution id="f14d4740-cc48-49ab-b3ff-41f5e99429a6" />
      <TestMethod codeBase="C:\Code RIG\RigApplication-testing\Source\Wpf\Rig.Rapture.Tests\bin\Debug\net48\Rig.Rapture.Tests.dll" adapterTypeName="executor://xunit/VsTestRunner2/net" className="Rig.Rapture.Tests.Import.NameNormalizationTests" name="NormalizeName_strips_civility_prefix" />
    </UnitTest>
    <UnitTest name="Rig.Rapture.Tests.Import.ValidatorDateTests.TryParseDate_returns_false_on_invalid(raw: null)" storage="c:\code rig\rigapplication-testing\source\wpf\rig.rapture.tests\bin\debug\net48\rig.rapture.tests.dll" id="08112153-5ef2-a582-f007-9e9319587386">
      <Execution id="d200d477-4a94-445a-8ad5-155b9ebb601d" />
      <TestMethod codeBase="C:\Code RIG\RigApplication-testing\Source\Wpf\Rig.Rapture.Tests\bin\Debug\net48\Rig.Rapture.Tests.dll" adapterTypeName="executor://xunit/VsTestRunner2/net" className="Rig.Rapture.Tests.Import.ValidatorDateTests" name="TryParseDate_returns_false_on_invalid" />
    </UnitTest>
    <UnitTest name="Rig.Rapture.Tests.Import.ValidatorDateTests.TryParseDate_returns_false_on_invalid(raw: &quot;&quot;)" storage="c:\code rig\rigapplication-testing\source\wpf\rig.rapture.tests\bin\debug\net48\rig.rapture.tests.dll" id="1d9a7302-8fe7-dbe7-05ac-b90cef16a608">
      <Execution id="a174922d-92dd-4257-9f3d-dd71646b39fe" />
      <TestMethod codeBase="C:\Code RIG\RigApplication-testing\Source\Wpf\Rig.Rapture.Tests\bin\Debug\net48\Rig.Rapture.Tests.dll" adapterTypeName="executor://xunit/VsTestRunner2/net" className="Rig.Rapture.Tests.Import.ValidatorDateTests" name="TryParseDate_returns_false_on_invalid" />
    </UnitTest>
    <UnitTest name="Rig.Rapture.Tests.Import.NameNormalizationTests.NormalizeName_collapses_whitespace(input: &quot;M. FAURE\tPascal&quot;, expected: &quot;faure pascal&quot;)" storage="c:\code rig\rigapplication-testing\source\wpf\rig.rapture.tests\bin\debug\net48\rig.rapture.tests.dll" id="95ab2396-ff39-f69e-62ed-1e8aa9ec9f58">
      <Execution id="a01f83f4-3646-4764-9099-7e86ac7a05f8" />
      <TestMethod codeBase="C:\Code RIG\RigApplication-testing\Source\Wpf\Rig.Rapture.Tests\bin\Debug\net48\Rig.Rapture.Tests.dll" adapterTypeName="executor://xunit/VsTestRunner2/net" className="Rig.Rapture.Tests.Import.NameNormalizationTests" name="NormalizeName_collapses_whitespace" />
    </UnitTest>
    <UnitTest name="Rig.Rapture.Tests.Import.ParserTests.Affaires_count_is_72" storage="c:\code rig\rigapplication-testing\source\wpf\rig.rapture.tests\bin\debug\net48\rig.rapture.tests.dll" id="1d2abdf1-74d9-8940-0504-22058cea8cca">
      <Execution id="74854025-6cf7-425c-90ce-93a50380e631" />
      <TestMethod codeBase="C:\Code RIG\RigApplication-testing\Source\Wpf\Rig.Rapture.Tests\bin\Debug\net48\Rig.Rapture.Tests.dll" adapterTypeName="executor://xunit/VsTestRunner2/net" className="Rig.Rapture.Tests.Import.ParserTests" name="Affaires_count_is_72" />
    </UnitTest>
    <UnitTest name="Rig.Rapture.Tests.Import.ParserTests.Header_audience_fields_match_sample" storage="c:\code rig\rigapplication-testing\source\wpf\rig.rapture.tests\bin\debug\net48\rig.rapture.tests.dll" id="38a4efb7-ab77-dc2a-4c01-48b739702c94">
      <Execution id="503af0fc-c9bb-4a95-ae27-03eb00ffa2ce" />
      <TestMethod codeBase="C:\Code RIG\RigApplication-testing\Source\Wpf\Rig.Rapture.Tests\bin\Debug\net48\Rig.Rapture.Tests.dll" adapterTypeName="executor://xunit/VsTestRunner2/net" className="Rig.Rapture.Tests.Import.ParserTests" name="Header_audience_fields_match_sample" />
    </UnitTest>
    <UnitTest name="Rig.Rapture.Tests.Import.ParserTests.Parser_works_on_fixture_without_bom" storage="c:\code rig\rigapplication-testing\source\wpf\rig.rapture.tests\bin\debug\net48\rig.rapture.tests.dll" id="d4115ee9-5da3-ca25-f6eb-d4dfe2de4f78">
      <Execution id="f270dea5-20c8-48ac-aa3e-b6dbde24adb6" />
      <TestMethod codeBase="C:\Code RIG\RigApplication-testing\Source\Wpf\Rig.Rapture.Tests\bin\Debug\net48\Rig.Rapture.Tests.dll" adapterTypeName="executor://xunit/VsTestRunner2/net" className="Rig.Rapture.Tests.Import.ParserTests" name="Parser_works_on_fixture_without_bom" />
    </UnitTest>
    <UnitTest name="Rig.Rapture.Tests.Import.NameNormalizationTests.NormalizeCode_lowercases_strips_punctuation(input: &quot;LJ-SP&quot;, expected: &quot;ljsp&quot;)" storage="c:\code rig\rigapplication-testing\source\wpf\rig.rapture.tests\bin\debug\net48\rig.rapture.tests.dll" id="39b944fd-b5fb-3990-6d42-b85c839412f0">
      <Execution id="2b9bdecb-e40d-4c89-827b-0e88ca5edcad" />
      <TestMethod codeBase="C:\Code RIG\RigApplication-testing\Source\Wpf\Rig.Rapture.Tests\bin\Debug\net48\Rig.Rapture.Tests.dll" adapterTypeName="executor://xunit/VsTestRunner2/net" className="Rig.Rapture.Tests.Import.NameNormalizationTests" name="NormalizeCode_lowercases_strips_punctuation" />
    </UnitTest>
    <UnitTest name="Rig.Rapture.Tests.Import.ParserTests.Affaire_01_006_decisionPC_redressement_judiciaire_with_mj_danguy" storage="c:\code rig\rigapplication-testing\source\wpf\rig.rapture.tests\bin\debug\net48\rig.rapture.tests.dll" id="17750146-6144-fe37-1125-2cde96718aa4">
      <Execution id="beca6694-06a2-4d13-8658-078b5609995c" />
      <TestMethod codeBase="C:\Code RIG\RigApplication-testing\Source\Wpf\Rig.Rapture.Tests\bin\Debug\net48\Rig.Rapture.Tests.dll" adapterTypeName="executor://xunit/VsTestRunner2/net" className="Rig.Rapture.Tests.Import.ParserTests" name="Affaire_01_006_decisionPC_redressement_judiciaire_with_mj_danguy" />
    </UnitTest>
    <UnitTest name="Rig.Rapture.Tests.Import.ValidatorDateTests.TryParseDate_accepts_supported_formats(raw: &quot;1/1/2027&quot;, year: 2027, month: 1, day: 1)" storage="c:\code rig\rigapplication-testing\source\wpf\rig.rapture.tests\bin\debug\net48\rig.rapture.tests.dll" id="e547ea2d-a2d4-8926-fdad-634d317b4355">
      <Execution id="46698466-93db-4ff3-bf6a-7a889761aa90" />
      <TestMethod codeBase="C:\Code RIG\RigApplication-testing\Source\Wpf\Rig.Rapture.Tests\bin\Debug\net48\Rig.Rapture.Tests.dll" adapterTypeName="executor://xunit/VsTestRunner2/net" className="Rig.Rapture.Tests.Import.ValidatorDateTests" name="TryParseDate_accepts_supported_formats" />
    </UnitTest>
    <UnitTest name="Rig.Rapture.Tests.Import.NameNormalizationTests.NormalizeName_strips_accents_and_lowercases(input: &quot;Maître&quot;, expected: &quot;maitre&quot;)" storage="c:\code rig\rigapplication-testing\source\wpf\rig.rapture.tests\bin\debug\net48\rig.rapture.tests.dll" id="06a2aea8-f342-9bf6-6655-db7239fd37fe">
      <Execution id="fb1b12f8-5029-434d-a92e-baa976c5b01a" />
      <TestMethod codeBase="C:\Code RIG\RigApplication-testing\Source\Wpf\Rig.Rapture.Tests\bin\Debug\net48\Rig.Rapture.Tests.dll" adapterTypeName="executor://xunit/VsTestRunner2/net" className="Rig.Rapture.Tests.Import.NameNormalizationTests" name="NormalizeName_strips_accents_and_lowercases" />
    </UnitTest>
    <UnitTest name="Rig.Rapture.Tests.Import.ParserTests.Affaire_01_001_has_all_rapture_text_fields" storage="c:\code rig\rigapplication-testing\source\wpf\rig.rapture.tests\bin\debug\net48\rig.rapture.tests.dll" id="4336c01d-126c-9220-48a0-ca0b9f5816a2">
      <Execution id="d85c768c-78f7-41b8-a96c-41f95b417693" />
      <TestMethod codeBase="C:\Code RIG\RigApplication-testing\Source\Wpf\Rig.Rapture.Tests\bin\Debug\net48\Rig.Rapture.Tests.dll" adapterTypeName="executor://xunit/VsTestRunner2/net" className="Rig.Rapture.Tests.Import.ParserTests" name="Affaire_01_001_has_all_rapture_text_fields" />
    </UnitTest>
    <UnitTest name="Rig.Rapture.Tests.Import.NameNormalizationTests.NormalizeName_strips_civility_prefix(withCiv: &quot;Maitre DANGUY Marie&quot;, withoutCiv: &quot;DANGUY Marie&quot;)" storage="c:\code rig\rigapplication-testing\source\wpf\rig.rapture.tests\bin\debug\net48\rig.rapture.tests.dll" id="7e584fe6-87f4-4dfe-2fcb-903c556c80fd">
      <Execution id="7e3bd40d-6921-486e-9713-2295f1755302" />
      <TestMethod codeBase="C:\Code RIG\RigApplication-testing\Source\Wpf\Rig.Rapture.Tests\bin\Debug\net48\Rig.Rapture.Tests.dll" adapterTypeName="executor://xunit/VsTestRunner2/net" className="Rig.Rapture.Tests.Import.NameNormalizationTests" name="NormalizeName_strips_civility_prefix" />
    </UnitTest>
    <UnitTest name="Rig.Rapture.Tests.Import.NameNormalizationTests.NormalizeCode_lowercases_strips_punctuation(input: &quot;Redressement judiciaire&quot;, expected: &quot;redressement judiciaire&quot;)" storage="c:\code rig\rigapplication-testing\source\wpf\rig.rapture.tests\bin\debug\net48\rig.rapture.tests.dll" id="5481a51c-77c3-c62d-f7ad-32e928462fb7">
      <Execution id="5909d52e-b2c2-48c0-8270-5b629a27abef" />
      <TestMethod codeBase="C:\Code RIG\RigApplication-testing\Source\Wpf\Rig.Rapture.Tests\bin\Debug\net48\Rig.Rapture.Tests.dll" adapterTypeName="executor://xunit/VsTestRunner2/net" className="Rig.Rapture.Tests.Import.NameNormalizationTests" name="NormalizeCode_lowercases_strips_punctuation" />
    </UnitTest>
    <UnitTest name="Rig.Rapture.Tests.Export.PlumitifDtoTests.PlumitifDto_roundtrip_preserves_header_and_affaire_fields" storage="c:\code rig\rigapplication-testing\source\wpf\rig.rapture.tests\bin\debug\net48\rig.rapture.tests.dll" id="99594c2d-61be-f58a-b56a-cdd8f92004e6">
      <Execution id="70638605-9011-4a3b-b7de-1435a2b3b797" />
      <TestMethod codeBase="C:\Code RIG\RigApplication-testing\Source\Wpf\Rig.Rapture.Tests\bin\Debug\net48\Rig.Rapture.Tests.dll" adapterTypeName="executor://xunit/VsTestRunner2/net" className="Rig.Rapture.Tests.Export.PlumitifDtoTests" name="PlumitifDto_roundtrip_preserves_header_and_affaire_fields" />
    </UnitTest>
    <UnitTest name="Rig.Rapture.Tests.Import.NameNormalizationTests.NormalizeName_strips_accents_and_lowercases(input: &quot;Étienne&quot;, expected: &quot;etienne&quot;)" storage="c:\code rig\rigapplication-testing\source\wpf\rig.rapture.tests\bin\debug\net48\rig.rapture.tests.dll" id="d6f53cc7-d184-a86b-5588-a17d4b656657">
      <Execution id="990ae0f1-d2dc-4821-8aaf-037429043d50" />
      <TestMethod codeBase="C:\Code RIG\RigApplication-testing\Source\Wpf\Rig.Rapture.Tests\bin\Debug\net48\Rig.Rapture.Tests.dll" adapterTypeName="executor://xunit/VsTestRunner2/net" className="Rig.Rapture.Tests.Import.NameNormalizationTests" name="NormalizeName_strips_accents_and_lowercases" />
    </UnitTest>
    <UnitTest name="Rig.Rapture.Tests.Import.ValidatorDateTests.TryParseDate_accepts_supported_formats(raw: &quot;12/11/2026&quot;, year: 2026, month: 11, day: 12)" storage="c:\code rig\rigapplication-testing\source\wpf\rig.rapture.tests\bin\debug\net48\rig.rapture.tests.dll" id="4a3c6d2b-9ac2-1040-6b20-84b3897e5933">
      <Execution id="a0237e9d-cee6-480a-9d94-4b0f9de28063" />
      <TestMethod codeBase="C:\Code RIG\RigApplication-testing\Source\Wpf\Rig.Rapture.Tests\bin\Debug\net48\Rig.Rapture.Tests.dll" adapterTypeName="executor://xunit/VsTestRunner2/net" className="Rig.Rapture.Tests.Import.ValidatorDateTests" name="TryParseDate_accepts_supported_formats" />
    </UnitTest>
    <UnitTest name="Rig.Rapture.Tests.Import.ParserTests.Exactly_5_affaires_have_isProcedureCollective_flag" storage="c:\code rig\rigapplication-testing\source\wpf\rig.rapture.tests\bin\debug\net48\rig.rapture.tests.dll" id="2b9772ab-9d49-261e-4f70-0f680a966c21">
      <Execution id="fe816c79-ac84-480f-b55b-1cd2cf1d1a5e" />
      <TestMethod codeBase="C:\Code RIG\RigApplication-testing\Source\Wpf\Rig.Rapture.Tests\bin\Debug\net48\Rig.Rapture.Tests.dll" adapterTypeName="executor://xunit/VsTestRunner2/net" className="Rig.Rapture.Tests.Import.ParserTests" name="Exactly_5_affaires_have_isProcedureCollective_flag" />
    </UnitTest>
    <UnitTest name="Rig.Rapture.Tests.Import.NameNormalizationTests.NormalizeName_strips_accents_and_lowercases(input: &quot;José María&quot;, expected: &quot;jose maria&quot;)" storage="c:\code rig\rigapplication-testing\source\wpf\rig.rapture.tests\bin\debug\net48\rig.rapture.tests.dll" id="38ba8a9f-8310-6408-317b-0b86ec321924">
      <Execution id="b744b73e-9738-4863-9bdd-87311469b05a" />
      <TestMethod codeBase="C:\Code RIG\RigApplication-testing\Source\Wpf\Rig.Rapture.Tests\bin\Debug\net48\Rig.Rapture.Tests.dll" adapterTypeName="executor://xunit/VsTestRunner2/net" className="Rig.Rapture.Tests.Import.NameNormalizationTests" name="NormalizeName_strips_accents_and_lowercases" />
    </UnitTest>
  </TestDefinitions>
  <TestEntries>
    <TestEntry testId="4336c01d-126c-9220-48a0-ca0b9f5816a2" executionId="d85c768c-78f7-41b8-a96c-41f95b417693" testListId="8c84fa94-04c1-424b-9868-57a2d4851a1d" />
    <TestEntry testId="f0186c19-ca56-ee7d-dae5-b476385c548a" executionId="ea0cffe0-a8d9-41a4-87fa-8134ec55eaba" testListId="8c84fa94-04c1-424b-9868-57a2d4851a1d" />
    <TestEntry testId="35c0ee4e-d84b-b812-b85f-3be1dfce6da7" executionId="0398b3da-b7a2-41a3-b48e-9cb6897ffa41" testListId="8c84fa94-04c1-424b-9868-57a2d4851a1d" />
    <TestEntry testId="926e077d-44c1-0838-e8c5-cd4d0266da15" executionId="8f8f8c32-68e7-4634-b870-0583996e07dc" testListId="8c84fa94-04c1-424b-9868-57a2d4851a1d" />
    <TestEntry testId="4a3c6d2b-9ac2-1040-6b20-84b3897e5933" executionId="a0237e9d-cee6-480a-9d94-4b0f9de28063" testListId="8c84fa94-04c1-424b-9868-57a2d4851a1d" />
    <TestEntry testId="4b28f293-705c-ff92-b3c9-d27cd0ee624c" executionId="282742c9-e025-4b40-bb11-e6a95ff3066f" testListId="8c84fa94-04c1-424b-9868-57a2d4851a1d" />
    <TestEntry testId="b1b65145-d9e8-3bce-2b7b-e35978119ed8" executionId="9ac6a4b4-bbc5-4a6c-af78-e8ee235bdefe" testListId="8c84fa94-04c1-424b-9868-57a2d4851a1d" />
    <TestEntry testId="425711fa-6375-9684-8983-3ce26ff0d651" executionId="e96fc0d0-5d37-411f-a348-545774c36acb" testListId="8c84fa94-04c1-424b-9868-57a2d4851a1d" />
    <TestEntry testId="7c33cfbc-0b1e-44c7-2446-28a4aa3f79f0" executionId="bf9d7fb8-fe7d-42e1-8a54-8526e5febb07" testListId="8c84fa94-04c1-424b-9868-57a2d4851a1d" />
    <TestEntry testId="61928871-6abb-6bd6-4466-ec285f7c3fdf" executionId="709de78e-5316-4414-8b40-bddc204c17fa" testListId="8c84fa94-04c1-424b-9868-57a2d4851a1d" />
    <TestEntry testId="d6f53cc7-d184-a86b-5588-a17d4b656657" executionId="990ae0f1-d2dc-4821-8aaf-037429043d50" testListId="8c84fa94-04c1-424b-9868-57a2d4851a1d" />
    <TestEntry testId="d4115ee9-5da3-ca25-f6eb-d4dfe2de4f78" executionId="f270dea5-20c8-48ac-aa3e-b6dbde24adb6" testListId="8c84fa94-04c1-424b-9868-57a2d4851a1d" />
    <TestEntry testId="5481a51c-77c3-c62d-f7ad-32e928462fb7" executionId="5909d52e-b2c2-48c0-8270-5b629a27abef" testListId="8c84fa94-04c1-424b-9868-57a2d4851a1d" />
    <TestEntry testId="f9d50c12-6ad3-0f15-c696-efd486c9d13c" executionId="7a925006-552a-4e84-b7d8-c61a505c6349" testListId="8c84fa94-04c1-424b-9868-57a2d4851a1d" />
    <TestEntry testId="808dbce4-2bdb-54d8-a20c-77a98b1966db" executionId="bafb221f-f3f9-4d87-a423-671fdca13e93" testListId="8c84fa94-04c1-424b-9868-57a2d4851a1d" />
    <TestEntry testId="ed66ff6e-6971-ef7c-e540-c7b6db1b595b" executionId="d36e9597-716d-48a9-9bd6-9cbcd04f6a87" testListId="8c84fa94-04c1-424b-9868-57a2d4851a1d" />
    <TestEntry testId="08112153-5ef2-a582-f007-9e9319587386" executionId="d200d477-4a94-445a-8ad5-155b9ebb601d" testListId="8c84fa94-04c1-424b-9868-57a2d4851a1d" />
    <TestEntry testId="fc8a7e60-0164-e68b-2488-4e29bd8bffd9" executionId="7ff75237-f60d-4b09-9c46-226991cc5b48" testListId="8c84fa94-04c1-424b-9868-57a2d4851a1d" />
    <TestEntry testId="29c04a07-dab5-3c45-ac88-f0242a6a7abf" executionId="091796a8-23d5-41d9-87b6-54903d105e9c" testListId="8c84fa94-04c1-424b-9868-57a2d4851a1d" />
    <TestEntry testId="2b9772ab-9d49-261e-4f70-0f680a966c21" executionId="fe816c79-ac84-480f-b55b-1cd2cf1d1a5e" testListId="8c84fa94-04c1-424b-9868-57a2d4851a1d" />
    <TestEntry testId="f1e5ca88-299f-5076-a664-5d18397996b0" executionId="89e12ab3-1997-447b-9895-44a6db1486c6" testListId="8c84fa94-04c1-424b-9868-57a2d4851a1d" />
    <TestEntry testId="e547ea2d-a2d4-8926-fdad-634d317b4355" executionId="46698466-93db-4ff3-bf6a-7a889761aa90" testListId="8c84fa94-04c1-424b-9868-57a2d4851a1d" />
    <TestEntry testId="eb4bcd09-1487-d5b5-d0fe-ce22e91408f9" executionId="81665c20-ac72-4e35-b93b-5b2791a4fdfb" testListId="8c84fa94-04c1-424b-9868-57a2d4851a1d" />
    <TestEntry testId="08ebabe1-e971-8c00-e3a2-4440fe88002f" executionId="fe13dcef-e6ba-4eae-813d-0d8dc9ec0d22" testListId="8c84fa94-04c1-424b-9868-57a2d4851a1d" />
    <TestEntry testId="7899cc86-534f-4968-ff04-e881f6b26971" executionId="81db564e-e125-444b-9094-a57e8a0b16e8" testListId="8c84fa94-04c1-424b-9868-57a2d4851a1d" />
    <TestEntry testId="95f1d187-4a9a-19b6-f51d-82f650e45f16" executionId="4ce39ddc-37ff-4fce-b00c-403654eb0b29" testListId="8c84fa94-04c1-424b-9868-57a2d4851a1d" />
    <TestEntry testId="38ba8a9f-8310-6408-317b-0b86ec321924" executionId="b744b73e-9738-4863-9bdd-87311469b05a" testListId="8c84fa94-04c1-424b-9868-57a2d4851a1d" />
    <TestEntry testId="49791275-f533-f5b3-b928-7f253574f79c" executionId="d5bbf441-5ab4-4fe8-9ac6-c6793fae40d8" testListId="8c84fa94-04c1-424b-9868-57a2d4851a1d" />
    <TestEntry testId="38a4efb7-ab77-dc2a-4c01-48b739702c94" executionId="503af0fc-c9bb-4a95-ae27-03eb00ffa2ce" testListId="8c84fa94-04c1-424b-9868-57a2d4851a1d" />
    <TestEntry testId="17750146-6144-fe37-1125-2cde96718aa4" executionId="beca6694-06a2-4d13-8658-078b5609995c" testListId="8c84fa94-04c1-424b-9868-57a2d4851a1d" />
    <TestEntry testId="7adace99-3eb4-5f2d-c1a8-32b1615abbfc" executionId="45297643-7889-4283-8812-c9e0c5809643" testListId="8c84fa94-04c1-424b-9868-57a2d4851a1d" />
    <TestEntry testId="3ed93d03-8945-f086-8a88-9bbc4ee4666a" executionId="e357ac4f-df9d-44d2-ab58-febe474da54c" testListId="8c84fa94-04c1-424b-9868-57a2d4851a1d" />
    <TestEntry testId="1d2abdf1-74d9-8940-0504-22058cea8cca" executionId="74854025-6cf7-425c-90ce-93a50380e631" testListId="8c84fa94-04c1-424b-9868-57a2d4851a1d" />
    <TestEntry testId="feed4077-a588-0266-8c97-3bdbf5f4c3e2" executionId="6245de2c-d1b9-4870-b773-903aecc8d837" testListId="8c84fa94-04c1-424b-9868-57a2d4851a1d" />
    <TestEntry testId="39b944fd-b5fb-3990-6d42-b85c839412f0" executionId="2b9bdecb-e40d-4c89-827b-0e88ca5edcad" testListId="8c84fa94-04c1-424b-9868-57a2d4851a1d" />
    <TestEntry testId="188deb17-a1a7-c280-4029-8469db7c5dad" executionId="73c3dde9-875b-44f3-9069-9f559bb3d77d" testListId="8c84fa94-04c1-424b-9868-57a2d4851a1d" />
    <TestEntry testId="886072db-baff-7e2c-75e9-d4a61d318629" executionId="90806c66-365f-4eef-bc94-5b23eccb3351" testListId="8c84fa94-04c1-424b-9868-57a2d4851a1d" />
    <TestEntry testId="bc6d712b-0c00-4aa9-8597-f053e51b0454" executionId="8a2ada1c-6910-4290-99ab-5b2defa07853" testListId="8c84fa94-04c1-424b-9868-57a2d4851a1d" />
    <TestEntry testId="bef3f6eb-ce2c-5b30-dda2-914ab951ab28" executionId="5d2f03bb-899f-4835-b2ae-f8af311e7b32" testListId="8c84fa94-04c1-424b-9868-57a2d4851a1d" />
    <TestEntry testId="95ab2396-ff39-f69e-62ed-1e8aa9ec9f58" executionId="a01f83f4-3646-4764-9099-7e86ac7a05f8" testListId="8c84fa94-04c1-424b-9868-57a2d4851a1d" />
    <TestEntry testId="06a2aea8-f342-9bf6-6655-db7239fd37fe" executionId="fb1b12f8-5029-434d-a92e-baa976c5b01a" testListId="8c84fa94-04c1-424b-9868-57a2d4851a1d" />
    <TestEntry testId="8677d611-e154-b7d8-ab8e-44d14d38ab0a" executionId="f14d4740-cc48-49ab-b3ff-41f5e99429a6" testListId="8c84fa94-04c1-424b-9868-57a2d4851a1d" />
    <TestEntry testId="42036033-06fe-1377-4d1b-e22d80090176" executionId="a3b232ef-b2cb-4891-b6d5-eb47f9beb918" testListId="8c84fa94-04c1-424b-9868-57a2d4851a1d" />
    <TestEntry testId="99594c2d-61be-f58a-b56a-cdd8f92004e6" executionId="70638605-9011-4a3b-b7de-1435a2b3b797" testListId="8c84fa94-04c1-424b-9868-57a2d4851a1d" />
    <TestEntry testId="1d9a7302-8fe7-dbe7-05ac-b90cef16a608" executionId="a174922d-92dd-4257-9f3d-dd71646b39fe" testListId="8c84fa94-04c1-424b-9868-57a2d4851a1d" />
    <TestEntry testId="7e584fe6-87f4-4dfe-2fcb-903c556c80fd" executionId="7e3bd40d-6921-486e-9713-2295f1755302" testListId="8c84fa94-04c1-424b-9868-57a2d4851a1d" />
    <TestEntry testId="cdb77081-a315-a3c3-df29-d1fa3ba594bf" executionId="ee409fc0-e810-4077-b749-ecc2abb8c69d" testListId="8c84fa94-04c1-424b-9868-57a2d4851a1d" />
  </TestEntries>
  <TestLists>
    <TestList name="Les résultats ne figurent pas dans une liste" id="8c84fa94-04c1-424b-9868-57a2d4851a1d" />
    <TestList name="Tous les résultats chargés" id="19431567-8539-422a-85d7-44ee4e166bda" />
  </TestLists>
  <ResultSummary outcome="Completed">
    <Counters total="47" executed="47" passed="47" failed="0" error="0" timeout="0" aborted="0" inconclusive="0" passedButRunAborted="0" notRunnable="0" notExecuted="0" disconnected="0" warning="0" completed="0" inProgress="0" pending="0" />
    <Output>
      <StdOut>[xUnit.net 00:00:00.00] xUnit.net VSTest Adapter v2.8.2+699d445a1a (64-bit .NET Framework 4.8.9325.0)&#xD;
[xUnit.net 00:00:00.27]   Discovering: Rig.Rapture.Tests&#xD;
[xUnit.net 00:00:00.33]   Discovered:  Rig.Rapture.Tests&#xD;
[xUnit.net 00:00:00.33]   Starting:    Rig.Rapture.Tests&#xD;
[xUnit.net 00:00:00.68]   Finished:    Rig.Rapture.Tests&#xD;
</StdOut>
    </Output>
  </ResultSummary>
</TestRun>